// Jest Snapshot v1, https://goo.gl/fbAQLP

exports[`<Card/> matches snapshot 1`] = `"<div class=\\"sc-bdfBwQ iqxdzn\\"><div class=\\"sc-gsTCUz kxzozt\\"><img alt=\\"album art\\" height=\\"150px\\" width=\\"150px\\" src=\\"sample\\" class=\\"sc-dlfnbm jDravJ\\"><div class=\\"sc-hKgILt eIKxVQ\\"><span class=\\"sc-eCssSg fgXKYL\\">sample</span><a class=\\"sc-jSgupP eSwkBk\\" href=\\"#/artist/1\\">sample</a></div></div></div>"`;
