// Jest Snapshot v1, https://goo.gl/fbAQLP

exports[`<Search/> matches snapshot 1`] = `"<form class=\\"sc-jSgupP jIA-deX\\"><input type=\\"text\\" class=\\"sc-iBPRYJ fFPSQN\\" value=\\"\\"><div class=\\"sc-gKsewC hqwfZo\\"><div class=\\"sc-gsTCUz cZSYBp\\"></div></div><div class=\\"sc-fubCfw jggMGH\\"><button type=\\"submit\\" disabled=\\"\\" class=\\"sc-bdfBwQ cLmSPl\\">submit</button></div></form>"`;
